{
    "code":  200,
    "data":  {
                 "members":  [
                                 {
                                     "member_id":  13,
                                     "realName":  "å®å®¶æ",
                                     "student_id":  1,
                                     "role_in_team":  "éé¿",
                                     "real_name":  "å®å®¶æ",
                                     "team_id":  13,
                                     "join_time":  "2026-05-26T14:02:36"
                                 },
                                 {
                                     "member_id":  14,
                                     "realName":  "çå\u0085é",
                                     "student_id":  2,
                                     "role_in_team":  "ç»å",
                                     "real_name":  "çå\u0085é",
                                     "team_id":  13,
                                     "join_time":  "2026-05-26T14:11:57"
                                 },
                                 {
                                     "member_id":  15,
                                     "realName":  "çå¯èµ«",
                                     "student_id":  3,
                                     "role_in_team":  "ç»å",
                                     "real_name":  "çå¯èµ«",
                                     "team_id":  13,
                                     "join_time":  "2026-05-26T14:15:59"
                                 }
                             ],
                 "memberCount":  3,
                 "team":  {
                              "applyTopic":  null,
                              "captainId":  1,
                              "createTime":  "2026-05-26T14:02:36",
                              "expectedMembers":  3,
                              "maxMembers":  3,
                              "reserveUntil":  "2026-05-26T14:32:36",
                              "status":  "forming",
                              "teamId":  13,
                              "teamName":  "éä¼1",
                              "topicId":  null
                          }
             },
    "message":  "æä½æå"
}
